preprocess:
  work_model: preprocess
  log_file:  /home/bing/project/sequenceR/results/Golden/log/preprocess.log
  train_src: /home/bing/project/sequenceR/results/Golden/src-train.txt
  train_tgt: /home/bing/project/sequenceR/results/Golden/tgt-train.txt
  valid_src: /home/bing/project/sequenceR/results/Golden/src-val.txt
  valid_tgt: /home/bing/project/sequenceR/results/Golden/tgt-val.txt
  save_data: /home/bing/project/sequenceR/results/Golden/final
  src_seq_length: 1010
  tgt_seq_length: 100
  src_vocab_size: 1000
  tgt_vocab_size: 1000
  dynamic_dict: True
  overwrite: True
  share_vocab: True


train:
  work_model: train
  log_file: /home/bing/project/sequenceR/results/Golden/log/train.log
  data: /home/bing/project/sequenceR/results/Golden/final
  save_model: /home/bing/project/sequenceR/results/Golden/final-model
  save_checkpoint_steps: 10000
  keep_checkpoint: 10
  seed: 3435
  train_steps: 20000
  valid_steps: 5000
  warmup_steps: 4000
  report_every: 1000

  encoder_type: brnn
  enc_layers: 2
  decoder_type: rnn
  dec_layers: 2
  rnn_size: 256
  global_attention: general
  batch_size: 32
  word_vec_size: 256
  bridge: True
  copy_attn: True
  reuse_copy_attn: True

  master_port: 8003
  world_size: 4
  gpu_ranks:
    - 0
    - 1
    - 2
    - 3

translate:
  work_model: translate
  log_file: /home/bing/project/sequenceR/results/Golden/log/translate.log
  model: /home/bing/project/sequenceR/results/Golden/final-model_step_20000.pt
  src: /home/bing/project/sequenceR/results/Golden/src-test.txt
  output: /home/bing/project/sequenceR/results/Golden/pred-test_beam50.txt
  dynamic_dict: True
  beam_size: 50
  n_best: 50